[www.ieee.org/communities/ieee-resource-centers/find-your-ieee-resource-centerafa0.html]
[backblue.gif]
[fade.gif]
[index.html]
[www.ieee.org/communities/ieee-resource-centers/find-your-ieee-resource-center.html]
[www.ieee.org/etc.clientlibs/foundation/clientlibs/main.min.b4994788cf1eaeed300a0aa7af53f3c8.css]
[www.ieee.org/etc.clientlibs/clientlibs/granite/jquery.min.1494c0abbe501301e2ab9daecc6082a8.js]
[www.ieee.org/etc.clientlibs/clientlibs/granite/utils.min.4a192b590a2c2926fb000264370c0588.js]
[www.ieee.org/etc.clientlibs/clientlibs/granite/jquery/granite.min.543d214c88dfa6f4a3233b630c82d875.js]
[www.ieee.org/etc.clientlibs/foundation/clientlibs/jquery.min.dd9b395c741ce2784096e26619e14910.js]
[www.ieee.org/etc.clientlibs/foundation/clientlibs/shared.min.9f3716b2c473fd53ab31b1caa53131a8.js]
[www.ieee.org/etc.clientlibs/foundation/clientlibs/main.min.a6faafbeed24f5d40aaf367c778753ab.js]
[www.ieee.org/etc/clientlibs/axis41-core/thirdparty/bootstrap.min.415e90cdc2979effecb1a8783fd29374.css]
[www.ieee.org/etc/clientlibs/axis41-core/thirdparty/datatable.min.32da7a9d474473b805c87da2b7440e7a.css]
[www.ieee.org/etc/clientlibs/axis41-core/base.min.dd4fa54e5e23f02021a5e900cada31e4.css]
[www.ieee.org/etc/clientlibs/axis41-core/thirdparty/jquery.min.7712f0199dae3df8a5710eb698f33a82.js]
[www.ieee.org/etc/clientlibs/axis41-core/thirdparty/jquery_form.min.aadcea36fb627f41d61bc51eeabc2d30.js]
[www.ieee.org/etc/clientlibs/axis41-core/thirdparty/jquery_validator.min.449c74f61ca55bbec5ed39305eda1661.js]
[www.ieee.org/etc/clientlibs/axis41-core/thirdparty/datatable.min.e016dbee3087ff119335773dcb8bb0ef.js]
[www.ieee.org/etc/clientlibs/axis41-core/thirdparty/bootstrap.min.f2e918a2d4ebfce485f87217ced3049b.js]
[www.ieee.org/etc/designs/ieee-core/clientlibs/base.min.8b351bfcb9249c9fed64cc2e4d331dca.css]
[www.ieee.org/etc/designs/ieee-org/clientlibs/base.min.8f291772d982c10a9bbad694167f050d.css]
[www.ieee.org/etc/designs/ieee-org/clientlibs/apps_components.min.3781ffa6b904aa606cb6e3cc5efd896a.css]
[www.ieee.org/etc/designs/ieee-org/clientlibs/thirdparty/font-awesome.min.b3d5d5e63a1bcada77bc9bcdf5353b3c.css]
[www.ieee.org/etc/designs/ieee-org/clientlibs/thirdparty/formata.min.6fce10afbb211946f7c90966f3d2a499.css]
[www.ieee.org/etc/designs/ieee-org/favicon-32x32.png]
[www.ieee.org/etc/designs/ieee-org/favicon-16x16.png]
[s3-us-west-2.amazonaws.com/ieeeshutpages/gdpr/settings.js]
[cdnjs.cloudflare.com/ajax/libs/cookieconsent2/3.0.3/cookieconsent.min.css]
[cdnjs.cloudflare.com/ajax/libs/cookieconsent2/3.0.3/cookieconsent.min.js]
[connect.facebook.net/en_US/fbevents.js]
[s3.amazonaws.com/ieee-mkto-cross-domain/enterprise-page-code.js]
[app-ab24.marketo.com/js/forms2/js/forms2.min.js]
[up.pixel.ad/assets/up701f.js]
[www.ieee.org/ieee-mashup/images/blank.gif]
[www.ieee.org/content/dam/ieee-org/ieee/web/org/globals/88857-22.gif]
[www.ieee.org/content/dam/ieee-org/ieee/web/org/about/resource-centers/find-your-resource-center-banner-image.jpg]
[www.ieee.org/etc.clientlibs/wcm/foundation/clientlibs/accessibility.min.6fe5d4427361a4c0ca5a75457e3e4256.css]
[ta.ieee.org/images/files/logos/pes-logo.gif]
[ta.ieee.org/images/files/logos/rs-logo.gif]
[ta.ieee.org/images/files/logos/sps-logo.jpg]
[ta.ieee.org/images/files/logos/uffc-logo.jpg]
[ta.ieee.org/images/files/logos/ias-logo.png]
[ta.ieee.org/images/files/logos/aps-logo.jpg]
[ta.ieee.org/images/files/logos/pels-logo.png]
[ta.ieee.org/images/files/logos/communities/smart-cities.png]
[ta.ieee.org/images/files/logos/communities/smart-grid.jpg]
[ta.ieee.org/images/files/logos/grss-logo.gif]
[ta.ieee.org/images/files/logos/sscs-logo.gif]
[ta.ieee.org/images/files/logos/committees/fd-logo.png]
[ta.ieee.org/images/files/logos/bts-logo.gif]
[ta.ieee.org/images/files/logos/deis-logo.gif]
[ta.ieee.org/images/files/logos/ras-logo.png]
[ta.ieee.org/images/files/logos/cass-logo.gif]
[ta.ieee.org/images/files/logos/aess-logo.jpg]
[ta.ieee.org/images/files/logos/ies-logo.png]
[ta.ieee.org/images/files/logos/councils/rfid-logo.jpg]
[ta.ieee.org/images/files/logos/eps-logo.jpg]
[www.ieee.org/content/dam/ieee-org/ieee/web/ieeeorg/eds-logo.jpg]
[ta.ieee.org/images/files/logos/emc-logo.gif]
[ta.ieee.org/images/files/logos/im-logo.png]
[ta.ieee.org/images/files/logos/mtt-logo.gif]
[ta.ieee.org/images/files/logos/communities/internet-of-things.png]
[ta.ieee.org/images/files/logos/smc-logo.png]
[ta.ieee.org/images/files/logos/vts-logo.jpg]
[ta.ieee.org/images/files/logos/councils/systems-logo.gif]
[ta.ieee.org/images/files/logos/cis-logo.gif]
[ta.ieee.org/images/files/logos/committees/tcos-logo.png]
[ta.ieee.org/images/files/logos/committees/iec-logo.png]
[www.ieee.org/content/dam/ieee-org/ieee/web/org/the-ieee-app-footer-tap-connect-network-share-ad-728x90.jpg]
[www.ieee.org/etc/clientlibs/axis41-core/base.min.0fff28e514bed6def3d25fff59d5fd46.js]
[www.ieee.org/etc/clientlibs/axis41-core/apps_components.min.932a8211ac095e24521718fd05aa0170.js]
[www.ieee.org/etc/designs/ieee-core/clientlibs/base.min.f546e15892762a200bce2b203f75f3f8.js]
[www.ieee.org/etc/designs/ieee-core/clientlibs/apps_components.min.d41d8cd98f00b204e9800998ecf8427e.js]
[www.ieee.org/etc/designs/ieee-org/clientlibs/base.min.5b83ac1ebc8a8f3ca2807882eaf69ad8.js]
[www.ieee.org/etc/designs/ieee-org/clientlibs/apps_components.min.88345ad35b5d145134abd2d2400631f7.js]
[www.ieee.org/communities/ieee-resource-centers/find-your-ieee-resource-centerafa0.html]
[www.ieee.org/content/dam/ieee-org/ieee-web/images/10029837.html]
[www.ieee.org/communities/ieee-resource-centers/find-your-ieee-resource-center.html]
[www.ieee.org/etc.clientlibs/foundation/clientlibs/main.min.b4994788cf1eaeed300a0aa7af53f3c8.css]
[www.ieee.org/etc/designs/ieee-org.html]
[www.ieee.org/etc/clientlibs/axis41-core/thirdparty/bootstrap/fonts/glyphicons-halflings-regular.eot]
[www.ieee.org/etc/clientlibs/axis41-core/thirdparty/bootstrap/fonts/glyphicons-halflings-regular.woff2]
[www.ieee.org/etc/clientlibs/axis41-core/thirdparty/bootstrap/fonts/glyphicons-halflings-regulard41d.eot]
[www.ieee.org/etc/clientlibs/axis41-core/thirdparty/bootstrap/fonts/glyphicons-halflings-regular.woff]
[www.ieee.org/etc/clientlibs/axis41-core/thirdparty/bootstrap/fonts/glyphicons-halflings-regular.ttf]
[www.ieee.org/etc/clientlibs/axis41-core/thirdparty/bootstrap.min.415e90cdc2979effecb1a8783fd29374.css]
[www.ieee.org/etc/clientlibs/axis41-core/thirdparty/datatable.min.32da7a9d474473b805c87da2b7440e7a.css]
[www.ieee.org/etc/clientlibs/axis41-core/thirdparty/bootstrap/fonts/glyphicons-halflings-regular.svg]
[www.ieee.org/etc/clientlibs/axis41-core/base/images/play_icon.png]
[www.ieee.org/etc/clientlibs/axis41-core/base.min.dd4fa54e5e23f02021a5e900cada31e4.css]
[www.ieee.org/etc/clientlibs/axis41-core/apps_components.min.d41d8cd98f00b204e9800998ecf8427e.css]
[www.ieee.org/etc/designs/ieee-core/clientlibs/base/images/ft-ct-logo.png]
[www.ieee.org/etc/designs/ieee-core/clientlibs/base/images/ct-logo-blue.png]
[www.ieee.org/etc/designs/ieee-core/clientlibs/base/images/ct-logo-black.png]
[www.ieee.org/etc/designs/ieee-core/clientlibs/base.min.8b351bfcb9249c9fed64cc2e4d331dca.css]
[www.ieee.org/etc/designs/ieee-core/clientlibs/apps_components.min.d41d8cd98f00b204e9800998ecf8427e.css]
[www.ieee.org/etc/designs/ieee-org/clientlibs/base.min.8f291772d982c10a9bbad694167f050d.css]
[www.ieee.org/ieee-mashup/images/icon-house.gif]
[www.ieee.org/ieee-mashup/images/icon_white_key.png]
[www.ieee.org/content/dam/ieee-org/ieee/web/org/73386.gif]
[www.ieee.org/content/dam/ieee-org/ieee/web/org/about/79054.gif]
[www.ieee.org/etc/designs/ieee-org/clientlibs/apps_components.min.3781ffa6b904aa606cb6e3cc5efd896a.css]
[www.ieee.org/etc/designs/ieee-org/clientlibs/thirdparty/font-awesome/fonts/fontawesome-webfont3e6e.eot]
[www.ieee.org/etc/designs/ieee-org/clientlibs/thirdparty/font-awesome/fonts/fontawesome-webfont3e6e.woff2]
[www.ieee.org/etc/designs/ieee-org/clientlibs/thirdparty/font-awesome/fonts/fontawesome-webfontd41d.eot]
[www.ieee.org/etc/designs/ieee-org/clientlibs/thirdparty/font-awesome/fonts/fontawesome-webfont3e6e.woff]
[www.ieee.org/etc/designs/ieee-org/clientlibs/thirdparty/font-awesome/fonts/fontawesome-webfont3e6e.ttf]
[www.ieee.org/etc/designs/ieee-org/clientlibs/thirdparty/font-awesome.min.b3d5d5e63a1bcada77bc9bcdf5353b3c.css]
[www.ieee.org/etc/designs/ieee-org/clientlibs/thirdparty/font-awesome/fonts/fontawesome-webfont3e6e.svg]
[www.ieee.org/etc/designs/ieee-org/clientlibs/thirdparty/formata/fonts/formata_regular_eot.eot]
[www.ieee.org/etc/designs/ieee-org/clientlibs/thirdparty/formata/fonts/formata_regular_woff.woff]
[www.ieee.org/etc/designs/ieee-org/clientlibs/thirdparty/formata/fonts/formata_regular_ttf.ttf]
[www.ieee.org/etc/designs/ieee-org/clientlibs/thirdparty/formata/fonts/formata_regular_svg.svg]
[www.ieee.org/etc/designs/ieee-org/clientlibs/thirdparty/formata/fonts/formata_medium_eot.eot]
[www.ieee.org/etc/designs/ieee-org/clientlibs/thirdparty/formata/fonts/formata_medium_woff.woff]
[www.ieee.org/etc/designs/ieee-org/clientlibs/thirdparty/formata/fonts/formata_medium_ttf.ttf]
[www.ieee.org/etc/designs/ieee-org/clientlibs/thirdparty/formata/fonts/formata_medium_svg.svg]
[www.ieee.org/etc/designs/ieee-org/clientlibs/thirdparty/formata/fonts/formata_light_woff.woff]
[www.ieee.org/etc/designs/ieee-org/clientlibs/thirdparty/formata/fonts/formata_light_eot.eot]
[www.ieee.org/etc/designs/ieee-org/clientlibs/thirdparty/formata/fonts/formata_light_ttf.ttf]
[www.ieee.org/etc/designs/ieee-org/clientlibs/thirdparty/formata.min.6fce10afbb211946f7c90966f3d2a499.css]
[www.googletagmanager.com/gtm5445.html]
[cdnjs.cloudflare.com/ajax/libs/cookieconsent2/3.0.3/cookieconsent.min.css]
[www.ieee.org/etc/designs/ieee-org/clientlibs/thirdparty/formata/fonts/formata_light_svg.svg]
[connect.facebook.net/en_US/fbevents.js]
[www.ieee.org/communities/ieee-resource-centers/jquery.js]
[www.ieee.org/communities/ieee-resource-centers/comparators.js]
[www.ieee.org/communities/ieee-resource-centers/fields/fieldhelpers.js]
[www.ieee.org/communities/jquery.js]
[www.ieee.org/communities/ieee-resource-centers/fieldHelpers.js]
[www.ieee.org/communities/ieee-resource-centers/measure.js]
[www.ieee.org/communities/ieee-resource-centers/yepnope.js]
[www.ieee.org/communities/ieee-resource-centers/fields/fieldHelpers.js]
[www.ieee.org/communities/ieee-resource-centers/modernizr.js]
[app-ab24.marketo.com/js/forms2/js/forms2.min.js]
[kit.fontawesome.com/481d654f3c.js]
[www.ieee.org/content/dam/ieee-org/ieee/web/org/globals/Webp.net-resizeimage.html]
[www.ieee.org/etc.clientlibs/wcm/foundation/clientlibs/accessibility.min.6fe5d4427361a4c0ca5a75457e3e4256.css]
[www.ieee.org/etc/designs/default/images/icons/default.html]
[www.ieee.org/etc/designs/default/images/icons/doc.html]
[www.ieee.org/etc/designs/default/images/icons/eps.html]
[www.ieee.org/etc/designs/default/images/icons/zip.html]
[www.ieee.org/etc/designs/default/images/icons/jpg.html]
[www.ieee.org/etc/designs/default/images/icons/pdf.html]
[www.ieee.org/etc/designs/default/images/icons/ppt.html]
[www.ieee.org/etc/designs/default/images/icons/tif.html]
[www.ieee.org/etc/designs/default/images/icons/txt.html]
[www.ieee.org/etc/designs/default/images/icons/xls.html]
[www.ieee.org/etc/designs/default/images/carousel/controls.html]
[www.ieee.org/etc/designs/default/images/carousel/switcher.html]
[www.ieee.org/etc/designs/default/images/input_box.html]
[www.ieee.org/etc/designs/default/images/sign_up_btn.html]
[www.ieee.org/etc/designs/default/images/social/fieldbg.html]
[www.ieee.org/etc/clientlibs/axis41-core/thirdparty/bootstrap/fonts/glyphicons-halflings-regular.svg]
[www.ieee.org/etc/clientlibs/axis41-core/base/css/images/icons/play.html]
[www.ieee.org/etc/clientlibs/axis41-core/base/images/preloader.html]
[www.ieee.org/etc/clientlibs/axis41-core/base/css/images/preloader@2x.html]
[www.ieee.org/etc/designs/ieee-org/clientlibs/thirdparty/font-awesome/fonts/fontawesome-webfont3e6e.svg]
[www.ieee.org/etc/designs/ieee-org/clientlibs/thirdparty/formata/fonts/formata_regular_svg.svg]
[www.ieee.org/etc/designs/ieee-org/clientlibs/thirdparty/formata/fonts/formata_medium_svg.svg]
[www.ieee.org/etc/designs/ieee-org/clientlibs/thirdparty/formata/fonts/formata_light_svg.svg]
[www.ieee.org/communities/ieee-resource-centers/c.html]
[www.ieee.org/communities/ieee-resource-centers/b.html]
[www.ieee.org/communities/ieee-resource-centers/POST.html]
[www.ieee.org/communities/ieee-resource-centers/ABCDEFGHIJKLMNOPQRSTUVWXYZabcdefghijklmnopqrstuvwxyz0123456789+/index.html]
[www.ieee.org/communities/ieee-resource-centers/jquery.build.html]
[www.ieee.org/communities/ieee-resource-centers/jquery.html]
[www.ieee.org/communities/ieee-resource-centers/comparators.html]
[www.ieee.org/communities/ieee-resource-centers/fields/fieldhelpers.html]
[www.ieee.org/communities/jquery.html]
[www.ieee.org/communities/ieee-resource-centers/fieldHelpers.html]
[www.ieee.org/communities/ieee-resource-centers/measure.html]
[www.ieee.org/communities/ieee-resource-centers/yepnope.html]
[www.ieee.org/communities/ieee-resource-centers/fields/fieldHelpers-2.html]
[www.ieee.org/communities/ieee-resource-centers/modernizr.html]
